// Jest Snapshot v1, https://goo.gl/fbAQLP

exports[`OrdersHistory component render fetches no data from an API 1`] = `undefined`;
